#
# There is insufficient memory for the Java Runtime Environment to continue.
# Native memory allocation (malloc) failed to allocate 300176 bytes. Error detail: Chunk::new
# Possible reasons:
#   The system is out of physical RAM or swap space
#   This process is running with CompressedOops enabled, and the Java Heap may be blocking the growth of the native heap
# Possible solutions:
#   Reduce memory load on the system
#   Increase physical memory or swap space
#   Check if swap backing store is full
#   Decrease Java heap size (-Xmx/-Xms)
#   Decrease number of Java threads
#   Decrease Java thread stack sizes (-Xss)
#   Set larger code cache with -XX:ReservedCodeCacheSize=
#   JVM is running with Unscaled Compressed Oops mode in which the Java heap is
#     placed in the first 4GB address space. The Java Heap base address is the
#     maximum limit for the native heap growth. Please use -XX:HeapBaseMinAddress
#     to set the Java Heap base and to place the Java Heap above 4GB virtual address.
# This output file may be truncated or incomplete.
#
#  Out of Memory Error (arena.cpp:168), pid=7912, tid=11044
#
# JRE version: OpenJDK Runtime Environment Temurin-21.0.8+9 (21.0.8+9) (build 21.0.8+9-LTS)
# Java VM: OpenJDK 64-Bit Server VM Temurin-21.0.8+9 (21.0.8+9-LTS, mixed mode, sharing, tiered, compressed oops, compressed class ptrs, parallel gc, windows-amd64)
# No core dump will be written. Minidumps are not enabled by default on client versions of Windows
#

---------------  S U M M A R Y ------------

Command Line: --add-modules=ALL-SYSTEM --add-opens=java.base/java.util=ALL-UNNAMED --add-opens=java.base/java.lang=ALL-UNNAMED --add-opens=java.base/sun.nio.fs=ALL-UNNAMED -Declipse.application=org.eclipse.jdt.ls.core.id1 -Dosgi.bundles.defaultStartLevel=4 -Declipse.product=org.eclipse.jdt.ls.core.product -Djava.import.generatesMetadataFilesAtProjectRoot=false -DDetectVMInstallationsJob.disabled=true -Dfile.encoding=utf8 -XX:+UseParallelGC -XX:GCTimeRatio=4 -XX:AdaptiveSizePolicyWeight=90 -Dsun.zip.disableMemoryMapping=true -Xmx2G -Xms100m -Xlog:disable -javaagent:c:\Users\ezzah\.vscode\extensions\redhat.java-1.47.0-win32-x64\lombok\lombok-1.18.39-4050.jar c:\Users\ezzah\.vscode\extensions\redhat.java-1.47.0-win32-x64\server\plugins\org.eclipse.equinox.launcher_1.7.100.v20251014-1222.jar -configuration c:\Users\ezzah\AppData\Roaming\Code\User\globalStorage\redhat.java\1.47.0\config_ss_win -data c:\Users\ezzah\AppData\Roaming\Code\User\workspaceStorage\b0ca58ea997ca9b97e625c5ddd52e79d\redhat.java\ss_ws --pipe=\\.\pipe\lsp-6669fabd90d3af5a4e6b2bd3aea05c83-sock

Host: Intel(R) Core(TM) i5-8265U CPU @ 1.60GHz, 8 cores, 11G,  Windows 11 , 64 bit Build 26100 (10.0.26100.6725)
Time: Mon Nov 10 23:37:57 2025 Morocco Daylight Time elapsed time: 1.194765 seconds (0d 0h 0m 1s)

---------------  T H R E A D  ---------------

Current thread (0x0000024c63926bc0):  JavaThread "C2 CompilerThread1" daemon [_thread_in_native, id=11044, stack(0x000000f110000000,0x000000f110100000) (1024K)]


Current CompileTask:
C2:1194  722       4       lombok.patcher.scripts.MethodLevelPatchScript::patch (21 bytes)

Stack: [0x000000f110000000,0x000000f110100000]
Native frames: (J=compiled Java code, j=interpreted, Vv=VM code, C=native code)
V  [jvm.dll+0x6d2449]
V  [jvm.dll+0x8ae341]
V  [jvm.dll+0x8b08be]
V  [jvm.dll+0x8b0fa3]
V  [jvm.dll+0x280c96]
V  [jvm.dll+0xc581d]
V  [jvm.dll+0xc5d53]
V  [jvm.dll+0x3b9162]
V  [jvm.dll+0x385315]
V  [jvm.dll+0x38477a]
V  [jvm.dll+0x248ed0]
V  [jvm.dll+0x2484af]
V  [jvm.dll+0x1c89ee]
V  [jvm.dll+0x257d4d]
V  [jvm.dll+0x2562ea]
V  [jvm.dll+0x3f2d16]
V  [jvm.dll+0x857e6b]
V  [jvm.dll+0x6d0b0d]
C  [ucrtbase.dll+0x37b0]
C  [KERNEL32.DLL+0x2e8d7]
C  [ntdll.dll+0x8c53c]


---------------  P R O C E S S  ---------------

Threads class SMR info:
_java_thread_list=0x0000024c63a6d930, length=13, elements={
0x0000024c080bbf40, 0x0000024c0a57a670, 0x0000024c0a57cba0, 0x0000024c0a435ee0,
0x0000024c0a436b30, 0x0000024c0a43e6b0, 0x0000024c0a44fa50, 0x0000024c0a45d6a0,
0x0000024c0a4538d0, 0x0000024c0a44f3c0, 0x0000024c63926bc0, 0x0000024c0a44c5d0,
0x0000024c63a23ba0
}

Java Threads: ( => current thread )
  0x0000024c080bbf40 JavaThread "main"                              [_thread_in_vm, id=2008, stack(0x000000f10f300000,0x000000f10f400000) (1024K)]
  0x0000024c0a57a670 JavaThread "Reference Handler"          daemon [_thread_blocked, id=12348, stack(0x000000f10f700000,0x000000f10f800000) (1024K)]
  0x0000024c0a57cba0 JavaThread "Finalizer"                  daemon [_thread_blocked, id=16892, stack(0x000000f10f800000,0x000000f10f900000) (1024K)]
  0x0000024c0a435ee0 JavaThread "Signal Dispatcher"          daemon [_thread_blocked, id=8896, stack(0x000000f10f900000,0x000000f10fa00000) (1024K)]
  0x0000024c0a436b30 JavaThread "Attach Listener"            daemon [_thread_blocked, id=9868, stack(0x000000f10fa00000,0x000000f10fb00000) (1024K)]
  0x0000024c0a43e6b0 JavaThread "Service Thread"             daemon [_thread_blocked, id=1628, stack(0x000000f10fb00000,0x000000f10fc00000) (1024K)]
  0x0000024c0a44fa50 JavaThread "Monitor Deflation Thread"   daemon [_thread_blocked, id=19376, stack(0x000000f10fc00000,0x000000f10fd00000) (1024K)]
  0x0000024c0a45d6a0 JavaThread "C2 CompilerThread0"         daemon [_thread_in_native, id=15924, stack(0x000000f10fd00000,0x000000f10fe00000) (1024K)]
  0x0000024c0a4538d0 JavaThread "C1 CompilerThread0"         daemon [_thread_in_native, id=18508, stack(0x000000f10fe00000,0x000000f10ff00000) (1024K)]
  0x0000024c0a44f3c0 JavaThread "Common-Cleaner"             daemon [_thread_blocked, id=10476, stack(0x000000f10ff00000,0x000000f110000000) (1024K)]
=>0x0000024c63926bc0 JavaThread "C2 CompilerThread1"         daemon [_thread_in_native, id=11044, stack(0x000000f110000000,0x000000f110100000) (1024K)]
  0x0000024c0a44c5d0 JavaThread "Notification Thread"        daemon [_thread_blocked, id=12944, stack(0x000000f110100000,0x000000f110200000) (1024K)]
  0x0000024c63a23ba0 JavaThread "C2 CompilerThread2"         daemon [_thread_in_native, id=8700, stack(0x000000f110200000,0x000000f110300000) (1024K)]
Total: 13

Other Threads:
  0x0000024c0a4324b0 VMThread "VM Thread"                           [id=19328, stack(0x000000f10f600000,0x000000f10f700000) (1024K)]
  0x0000024c0a34ca00 WatcherThread "VM Periodic Task Thread"        [id=3756, stack(0x000000f10f500000,0x000000f10f600000) (1024K)]
  0x0000024c0a4db600 WorkerThread "GC Thread#0"                     [id=7884, stack(0x000000f10f400000,0x000000f10f500000) (1024K)]
Total: 3

Threads with active compile tasks:
C2 CompilerThread0  1238  723       4       lombok.patcher.PatchScript::classMatches (41 bytes)
C1 CompilerThread0  1238  793       3       jdk.internal.org.objectweb.asm.Frame::pop (46 bytes)
C2 CompilerThread1  1238  722       4       lombok.patcher.scripts.MethodLevelPatchScript::patch (21 bytes)
C2 CompilerThread2  1238  725       4       java.util.Collections$UnmodifiableCollection$1::<init> (26 bytes)
Total: 4

VM state: not at safepoint (normal execution)

VM Mutex/Monitor currently owned by a thread: None

Heap address: 0x0000000080000000, size: 2048 MB, Compressed Oops mode: 32-bit

CDS archive(s) mapped at: [0x0000024c21000000-0x0000024c21ba0000-0x0000024c21ba0000), size 12189696, SharedBaseAddress: 0x0000024c21000000, ArchiveRelocationMode: 1.
Compressed class space mapped at: 0x0000024c22000000-0x0000024c62000000, reserved size: 1073741824
Narrow klass base: 0x0000024c21000000, Narrow klass shift: 0, Narrow klass range: 0x100000000

GC Precious Log:
 CardTable entry size: 512
 CPUs: 8 total, 8 available
 Memory: 12174M
 Large Page Support: Disabled
 NUMA Support: Disabled
 Compressed Oops: Enabled (32-bit)
 Alignments: Space 512K, Generation 512K, Heap 2M
 Heap Min Capacity: 100M
 Heap Initial Capacity: 100M
 Heap Max Capacity: 2G
 Pre-touch: Disabled
 Parallel Workers: 8

Heap:
 PSYoungGen      total 29696K, used 15567K [0x00000000d5580000, 0x00000000d7680000, 0x0000000100000000)
  eden space 25600K, 60% used [0x00000000d5580000,0x00000000d64b3f20,0x00000000d6e80000)
  from space 4096K, 0% used [0x00000000d7280000,0x00000000d7280000,0x00000000d7680000)
  to   space 4096K, 0% used [0x00000000d6e80000,0x00000000d6e80000,0x00000000d7280000)
 ParOldGen       total 68608K, used 0K [0x0000000080000000, 0x0000000084300000, 0x00000000d5580000)
  object space 68608K, 0% used [0x0000000080000000,0x0000000080000000,0x0000000084300000)
 Metaspace       used 3059K, committed 3264K, reserved 1114112K
  class space    used 315K, committed 384K, reserved 1048576K

Card table byte_map: [0x0000024c09e60000,0x0000024c0a270000] _byte_map_base: 0x0000024c09a60000

Marking Bits: (ParMarkBitMap*) 0x00007ffae1dea340
 Begin Bits: [0x0000024c1c960000, 0x0000024c1e960000)
 End Bits:   [0x0000024c1e960000, 0x0000024c20960000)

Polling page: 0x0000024c082a0000

Metaspace:

Usage:
  Non-class:      2.68 MB used.
      Class:    315.39 KB used.
       Both:      2.99 MB used.

Virtual space:
  Non-class space:       64.00 MB reserved,       2.81 MB (  4%) committed,  1 nodes.
      Class space:        1.00 GB reserved,     384.00 KB ( <1%) committed,  1 nodes.
             Both:        1.06 GB reserved,       3.19 MB ( <1%) committed. 

Chunk freelists:
   Non-Class:  11.55 MB
       Class:  15.65 MB
        Both:  27.21 MB

MaxMetaspaceSize: unlimited
CompressedClassSpaceSize: 1.00 GB
Initial GC threshold: 21.00 MB
Current GC threshold: 21.00 MB
CDS: on
 - commit_granule_bytes: 65536.
 - commit_granule_words: 8192.
 - virtual_space_node_default_size: 8388608.
 - enlarge_chunks_in_place: 1.
 - use_allocation_guard: 0.


Internal statistics:

num_allocs_failed_limit: 0.
num_arena_births: 102.
num_arena_deaths: 0.
num_vsnodes_births: 2.
num_vsnodes_deaths: 0.
num_space_committed: 51.
num_space_uncommitted: 0.
num_chunks_returned_to_freelist: 0.
num_chunks_taken_from_freelist: 130.
num_chunk_merges: 0.
num_chunk_splits: 89.
num_chunks_enlarged: 55.
num_inconsistent_stats: 0.

CodeHeap 'non-profiled nmethods': size=120000Kb used=321Kb max_used=321Kb free=119678Kb
 bounds [0x0000024c15180000, 0x0000024c153f0000, 0x0000024c1c6b0000]
CodeHeap 'profiled nmethods': size=120000Kb used=1192Kb max_used=1192Kb free=118807Kb
 bounds [0x0000024c0d6b0000, 0x0000024c0d920000, 0x0000024c14be0000]
CodeHeap 'non-nmethods': size=5760Kb used=1188Kb max_used=1226Kb free=4571Kb
 bounds [0x0000024c14be0000, 0x0000024c14e50000, 0x0000024c15180000]
CodeCache: size=245760Kb, used=2701Kb, max_used=2739Kb, free=243056Kb
 total_blobs=1239, nmethods=792, adapters=354, full_count=0
Compilation: enabled, stopped_count=0, restarted_count=0

Compilation events (20 events):
Event: 1.152 Thread 0x0000024c0a4538d0 nmethod 740 0x0000024c0d7ca390 code [0x0000024c0d7ca560, 0x0000024c0d7ca8f0]
Event: 1.156 Thread 0x0000024c0a4538d0  745       3       java.lang.StringLatin1::indexOf (25 bytes)
Event: 1.156 Thread 0x0000024c0a4538d0 nmethod 745 0x0000024c0d7caa90 code [0x0000024c0d7cac60, 0x0000024c0d7cae50]
Event: 1.163 Thread 0x0000024c0a4538d0  746       3       java.util.Arrays::copyOf (10 bytes)
Event: 1.163 Thread 0x0000024c0a4538d0 nmethod 746 0x0000024c0d7caf10 code [0x0000024c0d7cb0c0, 0x0000024c0d7cb210]
Event: 1.164 Thread 0x0000024c0a4538d0  747       3       java.lang.ClassLoader::findLoadedClass (15 bytes)
Event: 1.164 Thread 0x0000024c0a4538d0 nmethod 747 0x0000024c0d7cb310 code [0x0000024c0d7cb4e0, 0x0000024c0d7cb6c8]
Event: 1.171 Thread 0x0000024c63a23ba0 nmethod 724 0x0000024c151c7c90 code [0x0000024c151c7ea0, 0x0000024c151c8600]
Event: 1.171 Thread 0x0000024c63a23ba0  744 %     4       sun.security.provider.SHA2::implCompress0 @ 204 (448 bytes)
Event: 1.174 Thread 0x0000024c0a4538d0  751       1       jdk.internal.loader.BuiltinClassLoader$LoadedModule::loader (5 bytes)
Event: 1.174 Thread 0x0000024c0a4538d0 nmethod 751 0x0000024c151c9090 code [0x0000024c151c9220, 0x0000024c151c92e8]
Event: 1.185 Thread 0x0000024c0a4538d0  753       3       java.util.ImmutableCollections$ListN::get (7 bytes)
Event: 1.186 Thread 0x0000024c0a4538d0 nmethod 753 0x0000024c0d7cb790 code [0x0000024c0d7cb920, 0x0000024c0d7cba58]
Event: 1.186 Thread 0x0000024c0a4538d0  755       3       java.util.ImmutableCollections$List12::get (35 bytes)
Event: 1.186 Thread 0x0000024c0a4538d0 nmethod 755 0x0000024c0d7cbb10 code [0x0000024c0d7cbcc0, 0x0000024c0d7cbf58]
Event: 1.186 Thread 0x0000024c0a4538d0  754       1       java.lang.Module::getDescriptor (5 bytes)
Event: 1.186 Thread 0x0000024c0a4538d0 nmethod 754 0x0000024c151c9690 code [0x0000024c151c9820, 0x0000024c151c98e8]
Event: 1.188 Thread 0x0000024c0a4538d0  756       3       java.io.WinNTFileSystem::normalize (143 bytes)
Event: 1.189 Thread 0x0000024c0a4538d0 nmethod 756 0x0000024c0d7cc010 code [0x0000024c0d7cc2a0, 0x0000024c0d7ccd00]
Event: 1.192 Thread 0x0000024c63a23ba0 nmethod 744% 0x0000024c151c9990 code [0x0000024c151c9b40, 0x0000024c151ca2e8]

GC Heap History (0 events):
No events

Dll operation events (8 events):
Event: 0.014 Loaded shared library c:\Users\ezzah\.vscode\extensions\redhat.java-1.47.0-win32-x64\jre\21.0.8-win32-x86_64\bin\java.dll
Event: 0.118 Loaded shared library c:\Users\ezzah\.vscode\extensions\redhat.java-1.47.0-win32-x64\jre\21.0.8-win32-x86_64\bin\zip.dll
Event: 0.157 Loaded shared library C:\Users\ezzah\.vscode\extensions\redhat.java-1.47.0-win32-x64\jre\21.0.8-win32-x86_64\bin\instrument.dll
Event: 0.164 Loaded shared library C:\Users\ezzah\.vscode\extensions\redhat.java-1.47.0-win32-x64\jre\21.0.8-win32-x86_64\bin\net.dll
Event: 0.184 Loaded shared library C:\Users\ezzah\.vscode\extensions\redhat.java-1.47.0-win32-x64\jre\21.0.8-win32-x86_64\bin\nio.dll
Event: 0.190 Loaded shared library C:\Users\ezzah\.vscode\extensions\redhat.java-1.47.0-win32-x64\jre\21.0.8-win32-x86_64\bin\zip.dll
Event: 0.248 Loaded shared library C:\Users\ezzah\.vscode\extensions\redhat.java-1.47.0-win32-x64\jre\21.0.8-win32-x86_64\bin\jimage.dll
Event: 0.413 Loaded shared library c:\Users\ezzah\.vscode\extensions\redhat.java-1.47.0-win32-x64\jre\21.0.8-win32-x86_64\bin\verify.dll

Deoptimization events (20 events):
Event: 1.067 Thread 0x0000024c080bbf40 DEOPT PACKING pc=0x0000024c0d7aba04 sp=0x000000f10f3fd280
Event: 1.067 Thread 0x0000024c080bbf40 DEOPT UNPACKING pc=0x0000024c14c34242 sp=0x000000f10f3fc6d8 mode 0
Event: 1.067 Thread 0x0000024c080bbf40 DEOPT PACKING pc=0x0000024c0d7aba04 sp=0x000000f10f3fd200
Event: 1.067 Thread 0x0000024c080bbf40 DEOPT UNPACKING pc=0x0000024c14c34242 sp=0x000000f10f3fc658 mode 0
Event: 1.068 Thread 0x0000024c080bbf40 DEOPT PACKING pc=0x0000024c0d7aba04 sp=0x000000f10f3fd280
Event: 1.068 Thread 0x0000024c080bbf40 DEOPT UNPACKING pc=0x0000024c14c34242 sp=0x000000f10f3fc6d8 mode 0
Event: 1.068 Thread 0x0000024c080bbf40 DEOPT PACKING pc=0x0000024c0d7aba04 sp=0x000000f10f3fd280
Event: 1.068 Thread 0x0000024c080bbf40 DEOPT UNPACKING pc=0x0000024c14c34242 sp=0x000000f10f3fc6d8 mode 0
Event: 1.070 Thread 0x0000024c080bbf40 DEOPT PACKING pc=0x0000024c0d7aba04 sp=0x000000f10f3fd270
Event: 1.070 Thread 0x0000024c080bbf40 DEOPT UNPACKING pc=0x0000024c14c34242 sp=0x000000f10f3fc6c8 mode 0
Event: 1.070 Thread 0x0000024c080bbf40 DEOPT PACKING pc=0x0000024c0d7aba04 sp=0x000000f10f3fd270
Event: 1.070 Thread 0x0000024c080bbf40 DEOPT UNPACKING pc=0x0000024c14c34242 sp=0x000000f10f3fc6c8 mode 0
Event: 1.070 Thread 0x0000024c080bbf40 DEOPT PACKING pc=0x0000024c0d7aba04 sp=0x000000f10f3fd390
Event: 1.070 Thread 0x0000024c080bbf40 DEOPT UNPACKING pc=0x0000024c14c34242 sp=0x000000f10f3fc7e8 mode 0
Event: 1.070 Thread 0x0000024c080bbf40 DEOPT PACKING pc=0x0000024c0d7aba04 sp=0x000000f10f3fd390
Event: 1.070 Thread 0x0000024c080bbf40 DEOPT UNPACKING pc=0x0000024c14c34242 sp=0x000000f10f3fc7e8 mode 0
Event: 1.087 Thread 0x0000024c080bbf40 Uncommon trap: trap_request=0xffffff6e fr.pc=0x0000024c151c492c relative=0x000000000000020c
Event: 1.087 Thread 0x0000024c080bbf40 Uncommon trap: reason=loop_limit_check action=maybe_recompile pc=0x0000024c151c492c method=java.math.BigInteger.implMulAdd([I[IIII)I @ 26 c2
Event: 1.087 Thread 0x0000024c080bbf40 DEOPT PACKING pc=0x0000024c151c492c sp=0x000000f10f3fd460
Event: 1.089 Thread 0x0000024c080bbf40 DEOPT UNPACKING pc=0x0000024c14c33aa2 sp=0x000000f10f3fd3b0 mode 2

Classes loaded (20 events):
Event: 1.157 Loading class java/net/URISyntaxException
Event: 1.157 Loading class java/net/URISyntaxException done
Event: 1.160 Loading class java/lang/SecurityException
Event: 1.160 Loading class java/lang/SecurityException done
Event: 1.160 Loading class java/security/Policy
Event: 1.161 Loading class java/security/Policy done
Event: 1.168 Loading class java/nio/file/attribute/PosixFilePermissions
Event: 1.170 Loading class java/nio/file/attribute/PosixFilePermissions done
Event: 1.170 Loading class java/nio/file/attribute/PosixFilePermission
Event: 1.170 Loading class java/nio/file/attribute/PosixFilePermission done
Event: 1.171 Loading class java/lang/Thread$ThreadNumbering
Event: 1.171 Loading class java/lang/Thread$ThreadNumbering done
Event: 1.176 Loading class java/net/URL$ThreadTrackHolder
Event: 1.176 Loading class java/net/URL$ThreadTrackHolder done
Event: 1.176 Loading class java/net/URL$2
Event: 1.176 Loading class java/net/URL$2 done
Event: 1.176 Loading class java/net/URL$1
Event: 1.176 Loading class java/net/URL$1 done
Event: 1.177 Loading class java/net/spi/URLStreamHandlerProvider
Event: 1.177 Loading class java/net/spi/URLStreamHandlerProvider done

Classes unloaded (0 events):
No events

Classes redefined (0 events):
No events

Internal exceptions (14 events):
Event: 0.109 Thread 0x0000024c080bbf40 Exception <a 'java/lang/NoSuchMethodError'{0x00000000d57aa328}: 'void java.lang.invoke.DirectMethodHandle$Holder.invokeStatic(java.lang.Object, java.lang.Object, java.lang.Object)'> (0x00000000d57aa328) 
thrown [s\src\hotspot\share\interpreter\linkResolver.cpp, line 773]
Event: 0.229 Thread 0x0000024c080bbf40 Exception <a 'java/lang/NoSuchMethodError'{0x00000000d59124f0}: 'java.lang.Object java.lang.invoke.Invokers$Holder.invokeExact_MT(java.lang.Object, java.lang.Object, java.lang.Object, java.lang.Object, java.lang.Object)'> (0x00000000d59124f0) 
thrown [s\src\hotspot\share\interpreter\linkResolver.cpp, line 773]
Event: 0.322 Thread 0x0000024c080bbf40 Exception <a 'java/lang/NoSuchMethodError'{0x00000000d59c9e20}: 'int java.lang.invoke.DirectMethodHandle$Holder.invokeSpecial(java.lang.Object, java.lang.Object, java.lang.Object, int)'> (0x00000000d59c9e20) 
thrown [s\src\hotspot\share\interpreter\linkResolver.cpp, line 773]
Event: 0.327 Thread 0x0000024c080bbf40 Exception <a 'java/lang/NoSuchMethodError'{0x00000000d59dc808}: 'java.lang.Object java.lang.invoke.DirectMethodHandle$Holder.invokeStatic(java.lang.Object, java.lang.Object, java.lang.Object, java.lang.Object, int)'> (0x00000000d59dc808) 
thrown [s\src\hotspot\share\interpreter\linkResolver.cpp, line 773]
Event: 0.330 Thread 0x0000024c080bbf40 Exception <a 'java/lang/NoSuchMethodError'{0x00000000d59e7c48}: 'void java.lang.invoke.DelegatingMethodHandle$Holder.reinvoke_L(java.lang.Object, java.lang.Object, java.lang.Object, int, java.lang.Object)'> (0x00000000d59e7c48) 
thrown [s\src\hotspot\share\interpreter\linkResolver.cpp, line 773]
Event: 0.341 Thread 0x0000024c080bbf40 Exception <a 'java/lang/NoSuchMethodError'{0x00000000d59f8740}: 'int java.lang.invoke.DirectMethodHandle$Holder.invokeSpecial(java.lang.Object, java.lang.Object, java.lang.Object)'> (0x00000000d59f8740) 
thrown [s\src\hotspot\share\interpreter\linkResolver.cpp, line 773]
Event: 0.346 Thread 0x0000024c080bbf40 Exception <a 'java/lang/NoSuchMethodError'{0x00000000d5a04400}: 'java.lang.Object java.lang.invoke.DirectMethodHandle$Holder.invokeStatic(java.lang.Object, java.lang.Object, int)'> (0x00000000d5a04400) 
thrown [s\src\hotspot\share\interpreter\linkResolver.cpp, line 773]
Event: 0.348 Thread 0x0000024c080bbf40 Exception <a 'java/lang/NoSuchMethodError'{0x00000000d5a08d50}: 'void java.lang.invoke.DirectMethodHandle$Holder.invokeStatic(java.lang.Object, java.lang.Object, int, java.lang.Object)'> (0x00000000d5a08d50) 
thrown [s\src\hotspot\share\interpreter\linkResolver.cpp, line 773]
Event: 0.350 Thread 0x0000024c080bbf40 Exception <a 'java/lang/NoSuchMethodError'{0x00000000d5a0c8e0}: 'void java.lang.invoke.DirectMethodHandle$Holder.invokeSpecial(java.lang.Object, java.lang.Object, java.lang.Object, int, java.lang.Object)'> (0x00000000d5a0c8e0) 
thrown [s\src\hotspot\share\interpreter\linkResolver.cpp, line 773]
Event: 0.351 Thread 0x0000024c080bbf40 Exception <a 'java/lang/NoSuchMethodError'{0x00000000d5a0fd50}: 'void java.lang.invoke.DelegatingMethodHandle$Holder.delegate(java.lang.Object, java.lang.Object, int, java.lang.Object)'> (0x00000000d5a0fd50) 
thrown [s\src\hotspot\share\interpreter\linkResolver.cpp, line 773]
Event: 0.462 Thread 0x0000024c080bbf40 Exception <a 'java/lang/NoSuchMethodError'{0x00000000d5bcefc0}: 'void java.lang.invoke.DelegatingMethodHandle$Holder.reinvoke_L(java.lang.Object, java.lang.Object, java.lang.Object, int)'> (0x00000000d5bcefc0) 
thrown [s\src\hotspot\share\interpreter\linkResolver.cpp, line 773]
Event: 0.790 Thread 0x0000024c080bbf40 Exception <a 'java/lang/NoSuchMethodError'{0x00000000d605a2c8}: 'void java.lang.invoke.DirectMethodHandle$Holder.invokeVirtual(java.lang.Object, java.lang.Object)'> (0x00000000d605a2c8) 
thrown [s\src\hotspot\share\interpreter\linkResolver.cpp, line 773]
Event: 1.173 Thread 0x0000024c080bbf40 Exception <a 'java/lang/NoSuchMethodError'{0x00000000d6438a38}: 'void java.lang.invoke.DirectMethodHandle$Holder.invokeStatic(java.lang.Object, java.lang.Object)'> (0x00000000d6438a38) 
thrown [s\src\hotspot\share\interpreter\linkResolver.cpp, line 773]
Event: 1.188 Thread 0x0000024c080bbf40 Exception <a 'java/lang/ClassNotFoundException'{0x00000000d6460bb0}: sun/net/www/protocol/c/Handler> (0x00000000d6460bb0) 
thrown [s\src\hotspot\share\classfile\systemDictionary.cpp, line 312]

ZGC Phase Switch (0 events):
No events

VM Operations (8 events):
Event: 0.274 Executing VM operation: HandshakeAllThreads (Deoptimize)
Event: 0.274 Executing VM operation: HandshakeAllThreads (Deoptimize) done
Event: 1.128 Executing VM operation: HandshakeAllThreads (Deoptimize)
Event: 1.128 Executing VM operation: HandshakeAllThreads (Deoptimize) done
Event: 1.128 Executing VM operation: Cleanup
Event: 1.128 Executing VM operation: Cleanup done
Event: 1.163 Executing VM operation: HandshakeAllThreads (Deoptimize)
Event: 1.163 Executing VM operation: HandshakeAllThreads (Deoptimize) done

Memory protections (0 events):
No events

Nmethod flushes (0 events):
No events

Events (13 events):
Event: 0.035 Thread 0x0000024c080bbf40 Thread added: 0x0000024c080bbf40
Event: 0.059 Thread 0x0000024c080bbf40 Thread added: 0x0000024c0a57a670
Event: 0.059 Thread 0x0000024c080bbf40 Thread added: 0x0000024c0a57cba0
Event: 0.059 Thread 0x0000024c080bbf40 Thread added: 0x0000024c0a435ee0
Event: 0.059 Thread 0x0000024c080bbf40 Thread added: 0x0000024c0a436b30
Event: 0.059 Thread 0x0000024c080bbf40 Thread added: 0x0000024c0a43e6b0
Event: 0.060 Thread 0x0000024c080bbf40 Thread added: 0x0000024c0a44fa50
Event: 0.060 Thread 0x0000024c080bbf40 Thread added: 0x0000024c0a45d6a0
Event: 0.060 Thread 0x0000024c080bbf40 Thread added: 0x0000024c0a4538d0
Event: 0.095 Thread 0x0000024c080bbf40 Thread added: 0x0000024c0a44f3c0
Event: 0.135 Thread 0x0000024c0a4538d0 Thread added: 0x0000024c63926bc0
Event: 0.611 Thread 0x0000024c080bbf40 Thread added: 0x0000024c0a44c5d0
Event: 0.918 Thread 0x0000024c0a4538d0 Thread added: 0x0000024c63a23ba0


Dynamic libraries:
0x00007ff7bf760000 - 0x00007ff7bf76e000 	c:\Users\ezzah\.vscode\extensions\redhat.java-1.47.0-win32-x64\jre\21.0.8-win32-x86_64\bin\java.exe
0x00007ffb8ff20000 - 0x00007ffb90188000 	C:\WINDOWS\SYSTEM32\ntdll.dll
0x00007ffb8dd80000 - 0x00007ffb8de49000 	C:\WINDOWS\System32\KERNEL32.DLL
0x00007ffb8d3f0000 - 0x00007ffb8d7e2000 	C:\WINDOWS\System32\KERNELBASE.dll
0x00007ffb8d2a0000 - 0x00007ffb8d3eb000 	C:\WINDOWS\System32\ucrtbase.dll
0x00007ffb55ca0000 - 0x00007ffb55cb8000 	c:\Users\ezzah\.vscode\extensions\redhat.java-1.47.0-win32-x64\jre\21.0.8-win32-x86_64\bin\jli.dll
0x00007ffb8f070000 - 0x00007ffb8f235000 	C:\WINDOWS\System32\USER32.dll
0x00007ffb55210000 - 0x00007ffb5522e000 	c:\Users\ezzah\.vscode\extensions\redhat.java-1.47.0-win32-x64\jre\21.0.8-win32-x86_64\bin\VCRUNTIME140.dll
0x00007ffb72b20000 - 0x00007ffb72db3000 	C:\WINDOWS\WinSxS\amd64_microsoft.windows.common-controls_6595b64144ccf1df_6.0.26100.6899_none_3e0efeeae32e88c1\COMCTL32.dll
0x00007ffb8fb10000 - 0x00007ffb8fbb9000 	C:\WINDOWS\System32\msvcrt.dll
0x00007ffb8f3e0000 - 0x00007ffb8f40b000 	C:\WINDOWS\System32\GDI32.dll
0x00007ffb8daa0000 - 0x00007ffb8dac7000 	C:\WINDOWS\System32\win32u.dll
0x00007ffb8d0b0000 - 0x00007ffb8d1dd000 	C:\WINDOWS\System32\gdi32full.dll
0x00007ffb8dc40000 - 0x00007ffb8dce3000 	C:\WINDOWS\System32\msvcp_win.dll
0x00007ffb8fca0000 - 0x00007ffb8fccf000 	C:\WINDOWS\System32\IMM32.DLL
0x00007ffb73350000 - 0x00007ffb7335c000 	c:\Users\ezzah\.vscode\extensions\redhat.java-1.47.0-win32-x64\jre\21.0.8-win32-x86_64\bin\vcruntime140_1.dll
0x00007ffb17ed0000 - 0x00007ffb17f5d000 	c:\Users\ezzah\.vscode\extensions\redhat.java-1.47.0-win32-x64\jre\21.0.8-win32-x86_64\bin\msvcp140.dll
0x00007ffae1130000 - 0x00007ffae1ec7000 	c:\Users\ezzah\.vscode\extensions\redhat.java-1.47.0-win32-x64\jre\21.0.8-win32-x86_64\bin\server\jvm.dll
0x00007ffb8fbd0000 - 0x00007ffb8fc84000 	C:\WINDOWS\System32\ADVAPI32.dll
0x00007ffb8efc0000 - 0x00007ffb8f066000 	C:\WINDOWS\System32\sechost.dll
0x00007ffb8f410000 - 0x00007ffb8f528000 	C:\WINDOWS\System32\RPCRT4.dll
0x00007ffb8e5a0000 - 0x00007ffb8e614000 	C:\WINDOWS\System32\WS2_32.dll
0x00007ffb8cf30000 - 0x00007ffb8cf8e000 	C:\WINDOWS\SYSTEM32\POWRPROF.dll
0x00007ffb864c0000 - 0x00007ffb864cb000 	C:\WINDOWS\SYSTEM32\VERSION.dll
0x00007ffb7ab50000 - 0x00007ffb7ab85000 	C:\WINDOWS\SYSTEM32\WINMM.dll
0x00007ffb8cf10000 - 0x00007ffb8cf24000 	C:\WINDOWS\SYSTEM32\UMPDC.dll
0x00007ffb8be40000 - 0x00007ffb8be5b000 	C:\WINDOWS\SYSTEM32\kernel.appcore.dll
0x00007ffb69190000 - 0x00007ffb6919a000 	c:\Users\ezzah\.vscode\extensions\redhat.java-1.47.0-win32-x64\jre\21.0.8-win32-x86_64\bin\jimage.dll
0x00007ffb8a960000 - 0x00007ffb8aba2000 	C:\WINDOWS\SYSTEM32\DBGHELP.DLL
0x00007ffb8f710000 - 0x00007ffb8fa8b000 	C:\WINDOWS\System32\combase.dll
0x00007ffb8f300000 - 0x00007ffb8f3d7000 	C:\WINDOWS\System32\OLEAUT32.dll
0x00007ffb69380000 - 0x00007ffb693bc000 	C:\WINDOWS\SYSTEM32\dbgcore.DLL
0x00007ffb8da00000 - 0x00007ffb8da98000 	C:\WINDOWS\System32\bcryptPrimitives.dll
0x00007ffb63550000 - 0x00007ffb6355f000 	c:\Users\ezzah\.vscode\extensions\redhat.java-1.47.0-win32-x64\jre\21.0.8-win32-x86_64\bin\instrument.dll
0x00007ffb50150000 - 0x00007ffb5016f000 	c:\Users\ezzah\.vscode\extensions\redhat.java-1.47.0-win32-x64\jre\21.0.8-win32-x86_64\bin\java.dll
0x00007ffb8de50000 - 0x00007ffb8e59d000 	C:\WINDOWS\System32\SHELL32.dll
0x00007ffb8dad0000 - 0x00007ffb8dc3b000 	C:\WINDOWS\System32\wintypes.dll
0x00007ffb8abb0000 - 0x00007ffb8b40d000 	C:\WINDOWS\SYSTEM32\windows.storage.dll
0x00007ffb8e8e0000 - 0x00007ffb8e9d2000 	C:\WINDOWS\System32\SHCORE.dll
0x00007ffb8ef50000 - 0x00007ffb8efb2000 	C:\WINDOWS\System32\shlwapi.dll
0x00007ffb8cfd0000 - 0x00007ffb8cff9000 	C:\WINDOWS\SYSTEM32\profapi.dll
0x00007ffb1f2c0000 - 0x00007ffb1f2d8000 	c:\Users\ezzah\.vscode\extensions\redhat.java-1.47.0-win32-x64\jre\21.0.8-win32-x86_64\bin\zip.dll
0x00007ffb68720000 - 0x00007ffb68730000 	C:\Users\ezzah\.vscode\extensions\redhat.java-1.47.0-win32-x64\jre\21.0.8-win32-x86_64\bin\net.dll
0x00007ffb859d0000 - 0x00007ffb85aef000 	C:\WINDOWS\SYSTEM32\WINHTTP.dll
0x00007ffb8c3a0000 - 0x00007ffb8c40b000 	C:\WINDOWS\system32\mswsock.dll
0x00007ffb1f2a0000 - 0x00007ffb1f2b6000 	C:\Users\ezzah\.vscode\extensions\redhat.java-1.47.0-win32-x64\jre\21.0.8-win32-x86_64\bin\nio.dll
0x00007ffb5e320000 - 0x00007ffb5e330000 	c:\Users\ezzah\.vscode\extensions\redhat.java-1.47.0-win32-x64\jre\21.0.8-win32-x86_64\bin\verify.dll

JVMTI agents:
c:\Users\ezzah\.vscode\extensions\redhat.java-1.47.0-win32-x64\lombok\lombok-1.18.39-4050.jar path:c:\Users\ezzah\.vscode\extensions\redhat.java-1.47.0-win32-x64\jre\21.0.8-win32-x86_64\bin\instrument.dll, loaded, initialized, instrumentlib options:none

dbghelp: loaded successfully - version: 4.0.5 - missing functions: none
symbol engine: initialized successfully - sym options: 0x614 - pdb path: .;c:\Users\ezzah\.vscode\extensions\redhat.java-1.47.0-win32-x64\jre\21.0.8-win32-x86_64\bin;C:\WINDOWS\SYSTEM32;C:\WINDOWS\WinSxS\amd64_microsoft.windows.common-controls_6595b64144ccf1df_6.0.26100.6899_none_3e0efeeae32e88c1;c:\Users\ezzah\.vscode\extensions\redhat.java-1.47.0-win32-x64\jre\21.0.8-win32-x86_64\bin\server

VM Arguments:
jvm_args: --add-modules=ALL-SYSTEM --add-opens=java.base/java.util=ALL-UNNAMED --add-opens=java.base/java.lang=ALL-UNNAMED --add-opens=java.base/sun.nio.fs=ALL-UNNAMED -Declipse.application=org.eclipse.jdt.ls.core.id1 -Dosgi.bundles.defaultStartLevel=4 -Declipse.product=org.eclipse.jdt.ls.core.product -Djava.import.generatesMetadataFilesAtProjectRoot=false -DDetectVMInstallationsJob.disabled=true -Dfile.encoding=utf8 -XX:+UseParallelGC -XX:GCTimeRatio=4 -XX:AdaptiveSizePolicyWeight=90 -Dsun.zip.disableMemoryMapping=true -Xmx2G -Xms100m -Xlog:disable -javaagent:c:\Users\ezzah\.vscode\extensions\redhat.java-1.47.0-win32-x64\lombok\lombok-1.18.39-4050.jar 
java_command: c:\Users\ezzah\.vscode\extensions\redhat.java-1.47.0-win32-x64\server\plugins\org.eclipse.equinox.launcher_1.7.100.v20251014-1222.jar -configuration c:\Users\ezzah\AppData\Roaming\Code\User\globalStorage\redhat.java\1.47.0\config_ss_win -data c:\Users\ezzah\AppData\Roaming\Code\User\workspaceStorage\b0ca58ea997ca9b97e625c5ddd52e79d\redhat.java\ss_ws --pipe=\\.\pipe\lsp-6669fabd90d3af5a4e6b2bd3aea05c83-sock
java_class_path (initial): c:\Users\ezzah\.vscode\extensions\redhat.java-1.47.0-win32-x64\server\plugins\org.eclipse.equinox.launcher_1.7.100.v20251014-1222.jar
Launcher Type: SUN_STANDARD

[Global flags]
    uintx AdaptiveSizePolicyWeight                 = 90                                        {product} {command line}
     intx CICompilerCount                          = 4                                         {product} {ergonomic}
    uintx GCTimeRatio                              = 4                                         {product} {command line}
   size_t InitialHeapSize                          = 104857600                                 {product} {command line}
   size_t MaxHeapSize                              = 2147483648                                {product} {command line}
   size_t MaxNewSize                               = 715653120                                 {product} {ergonomic}
   size_t MinHeapDeltaBytes                        = 524288                                    {product} {ergonomic}
   size_t MinHeapSize                              = 104857600                                 {product} {command line}
   size_t NewSize                                  = 34603008                                  {product} {ergonomic}
    uintx NonNMethodCodeHeapSize                   = 5839372                                {pd product} {ergonomic}
    uintx NonProfiledCodeHeapSize                  = 122909434                              {pd product} {ergonomic}
   size_t OldSize                                  = 70254592                                  {product} {ergonomic}
    uintx ProfiledCodeHeapSize                     = 122909434                              {pd product} {ergonomic}
    uintx ReservedCodeCacheSize                    = 251658240                              {pd product} {ergonomic}
     bool SegmentedCodeCache                       = true                                      {product} {ergonomic}
   size_t SoftMaxHeapSize                          = 2147483648                             {manageable} {ergonomic}
     bool UseCompressedOops                        = true                           {product lp64_product} {ergonomic}
     bool UseLargePagesIndividualAllocation        = false                                  {pd product} {ergonomic}
     bool UseParallelGC                            = true                                      {product} {command line}

Logging:
Log output configuration:
 #0: stdout all=off uptime,level,tags foldmultilines=false
 #1: stderr all=off uptime,level,tags foldmultilines=false

Environment Variables:
JAVA_HOME=C:\Program Files\Java\jdk-17
PATH=C:\Program Files\Common Files\Oracle\Java\javapath;D:\Oracle_software\WINDOWS.X64_193000_db_home\bin;C:\Users\ezzah\AppData\Local\Temp\44447b04-0e62-4d59-bb9f-0230ed25831f_WINDOWS.X64_193000_db_home.zip.31f\bin;C:\Users\ezzah\AppData\Local\Temp\c25bacce-c4b1-491a-96a3-adb225d876d5_WINDOWS.X64_193000_db_home.zip.6d5\bin;C:\Program Files (x86)\VMware\VMware Workstation\bin\;C:\WINDOWS\system32;C:\WINDOWS;C:\WINDOWS\System32\Wbem;C:\WINDOWS\System32\WindowsPowerShell\v1.0\;C:\WINDOWS\System32\OpenSSH\;C:\Program Files\Git\cmd;C:\Program Files\Docker\Docker\resources\bin;C:\Program Files\nodejs\;C:\Users\ezzah\Downloads\flutter_windows_3.35.6-stable\flutter\bin;C:\Users\ezzah\Downloads\flutter_windows_3.35.6-stable.zip\flutter\bin;C:\Program Files (x86)\Windows Kits\10\Windows Performance Toolkit\;C:\xampp\mysql\bin;C:\Users\ezzah\Downloads\apache-maven-3.9.11\bin;C:\Program Files\Java\jdk-17\bin;C:\Users\ezzah\AppData\Local\Programs\Python\Python313\Scripts\;C:\Users\ezzah\AppData\Local\Programs\Python\Python313\;C:\Users\ezzah\AppData\Local\Programs\Python\Launcher\;C:\Users\ezzah\AppData\Local\Microsoft\WindowsApps;C:\Users\ezzah\AppData\Local\Programs\Microsoft VS Code\bin;C:\Users\ezzah\AppData\Local\GitHubDesktop\bin;C:\spark\bin;C:\Users\ezzah\AppData\Roaming\npm;C:\Program Files\Java\jdk-17;C:\Program Files\Java\jdk-17\bin;
USERNAME=ezzah
OS=Windows_NT
PROCESSOR_IDENTIFIER=Intel64 Family 6 Model 142 Stepping 12, GenuineIntel
TMP=C:\Users\ezzah\AppData\Local\Temp
TEMP=C:\Users\ezzah\AppData\Local\Temp




Periodic native trim disabled

---------------  S Y S T E M  ---------------

OS:
 Windows 11 , 64 bit Build 26100 (10.0.26100.6725)
OS uptime: 0 days 1:44 hours
Hyper-V role detected

CPU: total 8 (initial active 8) (4 cores per cpu, 2 threads per core) family 6 model 142 stepping 12 microcode 0xde, cx8, cmov, fxsr, ht, mmx, 3dnowpref, sse, sse2, sse3, ssse3, sse4.1, sse4.2, popcnt, lzcnt, tsc, tscinvbit, avx, avx2, aes, erms, clmul, bmi1, bmi2, adx, fma, vzeroupper, clflush, clflushopt, hv, rdtscp, f16c
Processor Information for the first 8 processors :
  Max Mhz: 1800, Current Mhz: 1600, Mhz Limit: 1584

Memory: 4k page, system-wide physical 12174M (1729M free)
TotalPageFile size 17279M (AvailPageFile size 0M)
current process WorkingSet (physical memory assigned to process): 65M, peak: 65M
current process commit charge ("private bytes"): 233M, peak: 234M

vm_info: OpenJDK 64-Bit Server VM (21.0.8+9-LTS) for windows-amd64 JRE (21.0.8+9-LTS), built on 2025-07-15T00:00:00Z by "admin" with MS VC++ 17.7 (VS2022)

END.
